// Jest Snapshot v1, https://goo.gl/fbAQLP

exports[`Benefits Card renders benefits card unchanged 1`] = `
<div>
  <div
    class="rounded-lg border bg-neutral-800 text-card-foreground shadow-sm text-center"
  >
    <div
      class="flex flex-col space-y-1.5 p-6"
    >
      <div
        class="text-2xl font-semibold leading-none tracking-tight items-center flex flex-col"
      >
        <svg
          class="lucide lucide-code w-12 h-12 text-violet-500 mb-4"
          fill="none"
          height="24"
          stroke="currentColor"
          stroke-linecap="round"
          stroke-linejoin="round"
          stroke-width="2"
          viewBox="0 0 24 24"
          width="24"
          xmlns="http://www.w3.org/2000/svg"
        >
          <polyline
            points="16 18 22 12 16 6"
          />
          <polyline
            points="8 6 2 12 8 18"
          />
        </svg>
        Ready-to-Use Solutions
      </div>
    </div>
    <div
      class="p-6 pt-0 text-zinc-400"
    >
       Simplify software development with our curated collection of production-ready prompt templates
    </div>
  </div>
</div>
`;
