// Jest Snapshot v1, https://goo.gl/fbAQLP

exports[`Footer renders footer unchanged 1`] = `
<div>
  <footer
    class="w-full border-t mt-12"
  >
    <div
      class="max-w-7xl mx-auto px-4 sm:px-6 lg:px-8"
    >
      <div
        class="flex flex-col items-center justify-between py-8 sm:flex-row"
      >
        <p
          class="text-sm text-gray-400"
        >
          Â© PROMPTZ. All rights reserved. - Made by
           
          <a
            class="text-gray-400 hover:text-violet-500 underline"
            href="https://linkedin.com/in/christian-bonzelet"
            rel="noopener noreferrer"
            target="_blank"
          >
            Christian Bonzelet
          </a>
           
          with a lot of help by
           
          <a
            class="text-gray-400 hover:text-violet-500 underline"
            href="https://aws.amazon.com/q/developer/"
            rel="noopener noreferrer"
            target="_blank"
          >
            Amazon Q Developer
          </a>
        </p>
        <div
          class="flex items-center gap-4"
        >
          <a
            class="text-gray-400 hover:text-violet-500"
            href="https://github.com/cremich/promptz"
            rel="noopener noreferrer"
            target="_blank"
          >
            <svg
              class="lucide lucide-github h-6 w-6"
              fill="none"
              height="24"
              stroke="currentColor"
              stroke-linecap="round"
              stroke-linejoin="round"
              stroke-width="2"
              viewBox="0 0 24 24"
              width="24"
              xmlns="http://www.w3.org/2000/svg"
            >
              <path
                d="M15 22v-4a4.8 4.8 0 0 0-1-3.5c3 0 6-2 6-5.5.08-1.25-.27-2.48-1-3.5.28-1.15.28-2.35 0-3.5 0 0-1 0-3 1.5-2.64-.5-5.36-.5-8 0C6 2 5 2 5 2c-.3 1.15-.3 2.35 0 3.5A5.403 5.403 0 0 0 4 9c0 3.5 3 5.5 6 5.5-.39.49-.68 1.05-.85 1.65-.17.6-.22 1.23-.15 1.85v4"
              />
              <path
                d="M9 18c-4.51 2-5-2-7-2"
              />
            </svg>
            <span
              class="sr-only"
            >
              GitHub
            </span>
          </a>
        </div>
      </div>
    </div>
  </footer>
</div>
`;
