// Jest Snapshot v1, https://goo.gl/fbAQLP

exports[`SourceURL renders the prompt form component unchanged 1`] = `
<div>
  <div
    class="flex items-center gap-2"
  >
    <label
      class="peer-disabled:cursor-not-allowed peer-disabled:opacity-70 text-sm font-medium text-neutral-400"
    >
      Source:
    </label>
    <a
      aria-label="View source"
      class="flex items-center gap-1.5 text-sm text-violet-400 hover:text-violet-300 transition-colors"
      href="https://promptz.dev"
      rel="noopener noreferrer"
      target="_blank"
    >
      <svg
        class="lucide lucide-link h-4 w-4"
        fill="none"
        height="24"
        stroke="currentColor"
        stroke-linecap="round"
        stroke-linejoin="round"
        stroke-width="2"
        viewBox="0 0 24 24"
        width="24"
        xmlns="http://www.w3.org/2000/svg"
      >
        <path
          d="M10 13a5 5 0 0 0 7.54.54l3-3a5 5 0 0 0-7.07-7.07l-1.72 1.71"
        />
        <path
          d="M14 11a5 5 0 0 0-7.54-.54l-3 3a5 5 0 0 0 7.07 7.07l1.71-1.71"
        />
      </svg>
      https://promptz.dev
    </a>
  </div>
</div>
`;
