// Jest Snapshot v1, https://goo.gl/fbAQLP

exports[`Prompt Form renders the prompt form component unchanged 1`] = `
<div>
  <form
    action="javascript:throw new Error('A React form was unexpectedly submitted. If you called form.submit() manually, consider using form.requestSubmit() instead. If you\\'re trying to use event.stopPropagation() in a submit event handler, consider also calling event.preventDefault().')"
    class="space-y-8"
  >
    <input
      name="id"
      type="hidden"
      value="12345"
    />
    <div
      class="space-y-2"
    >
      <label
        class="text-sm font-medium leading-none peer-disabled:cursor-not-allowed peer-disabled:opacity-70 flex items-center gap-2"
        for=":r0:-form-item"
      >
        <svg
          class="lucide lucide-tag w-4 h-4"
          fill="none"
          height="24"
          stroke="currentColor"
          stroke-linecap="round"
          stroke-linejoin="round"
          stroke-width="2"
          viewBox="0 0 24 24"
          width="24"
          xmlns="http://www.w3.org/2000/svg"
        >
          <path
            d="M12.586 2.586A2 2 0 0 0 11.172 2H4a2 2 0 0 0-2 2v7.172a2 2 0 0 0 .586 1.414l8.704 8.704a2.426 2.426 0 0 0 3.42 0l6.58-6.58a2.426 2.426 0 0 0 0-3.42z"
          />
          <circle
            cx="7.5"
            cy="7.5"
            fill="currentColor"
            r=".5"
          />
        </svg>
        Title
      </label>
      <input
        aria-describedby=":r0:-form-item-description"
        aria-invalid="false"
        class="flex h-10 w-full rounded-md border border-input bg-background px-3 py-2 text-base ring-offset-background file:border-0 file:bg-transparent file:text-sm file:font-medium file:text-foreground placeholder:text-muted-foreground focus-visible:outline-none focus-visible:ring-2 focus-visible:ring-ring focus-visible:ring-offset-2 disabled:cursor-not-allowed disabled:opacity-50 md:text-sm text-white placeholder-opacity-50"
        id=":r0:-form-item"
        name="title"
        placeholder="Enter a catchy title"
        value="Test Prompt"
      />
      <p
        class="text-sm text-muted-foreground"
        id=":r0:-form-item-description"
      >
        A clear and descriptive title for your prompt
      </p>
    </div>
    <div
      class="flex items-center gap-4"
    >
      <button
        class="inline-flex items-center justify-center gap-2 whitespace-nowrap rounded-md text-sm font-medium ring-offset-background transition-colors focus-visible:outline-none focus-visible:ring-2 focus-visible:ring-ring focus-visible:ring-offset-2 disabled:pointer-events-none disabled:opacity-50 [&_svg]:pointer-events-none [&_svg]:size-4 [&_svg]:shrink-0 bg-primary text-primary-foreground hover:bg-primary/90 h-10 px-4 py-2"
        type="submit"
      >
        <svg
          class="lucide lucide-send w-4 h-4 mr-2"
          fill="none"
          height="24"
          stroke="currentColor"
          stroke-linecap="round"
          stroke-linejoin="round"
          stroke-width="2"
          viewBox="0 0 24 24"
          width="24"
          xmlns="http://www.w3.org/2000/svg"
        >
          <path
            d="M14.536 21.686a.5.5 0 0 0 .937-.024l6.5-19a.496.496 0 0 0-.635-.635l-19 6.5a.5.5 0 0 0-.024.937l7.93 3.18a2 2 0 0 1 1.112 1.11z"
          />
          <path
            d="m21.854 2.147-10.94 10.939"
          />
        </svg>
        Update Prompt
      </button>
      <button
        class="inline-flex items-center justify-center gap-2 whitespace-nowrap rounded-md text-sm font-medium ring-offset-background transition-colors focus-visible:outline-none focus-visible:ring-2 focus-visible:ring-ring focus-visible:ring-offset-2 disabled:pointer-events-none disabled:opacity-50 [&_svg]:pointer-events-none [&_svg]:size-4 [&_svg]:shrink-0 bg-secondary text-secondary-foreground hover:bg-secondary/80 h-10 px-4 py-2"
        type="button"
      >
        <svg
          class="lucide lucide-save w-4 h-4 mr-2"
          fill="none"
          height="24"
          stroke="currentColor"
          stroke-linecap="round"
          stroke-linejoin="round"
          stroke-width="2"
          viewBox="0 0 24 24"
          width="24"
          xmlns="http://www.w3.org/2000/svg"
        >
          <path
            d="M15.2 3a2 2 0 0 1 1.4.6l3.8 3.8a2 2 0 0 1 .6 1.4V19a2 2 0 0 1-2 2H5a2 2 0 0 1-2-2V5a2 2 0 0 1 2-2z"
          />
          <path
            d="M17 21v-7a1 1 0 0 0-1-1H8a1 1 0 0 0-1 1v7"
          />
          <path
            d="M7 3v4a1 1 0 0 0 1 1h7"
          />
        </svg>
        Save as Draft
      </button>
      <button
        class="inline-flex items-center justify-center gap-2 whitespace-nowrap rounded-md text-sm font-medium ring-offset-background transition-colors focus-visible:outline-none focus-visible:ring-2 focus-visible:ring-ring focus-visible:ring-offset-2 disabled:pointer-events-none disabled:opacity-50 [&_svg]:pointer-events-none [&_svg]:size-4 [&_svg]:shrink-0 border border-input bg-background hover:bg-accent hover:text-accent-foreground h-10 px-4 py-2"
        type="button"
      >
        Cancel
      </button>
      <button
        class="inline-flex items-center justify-center gap-2 whitespace-nowrap rounded-md text-sm font-medium ring-offset-background transition-colors focus-visible:outline-none focus-visible:ring-2 focus-visible:ring-ring focus-visible:ring-offset-2 disabled:pointer-events-none disabled:opacity-50 [&_svg]:pointer-events-none [&_svg]:size-4 [&_svg]:shrink-0 bg-destructive text-destructive-foreground hover:bg-destructive/90 h-10 px-4 py-2 ml-auto"
        type="button"
      >
        <svg
          class="lucide lucide-trash2 w-4 h-4 mr-2"
          fill="none"
          height="24"
          stroke="currentColor"
          stroke-linecap="round"
          stroke-linejoin="round"
          stroke-width="2"
          viewBox="0 0 24 24"
          width="24"
          xmlns="http://www.w3.org/2000/svg"
        >
          <path
            d="M3 6h18"
          />
          <path
            d="M19 6v14c0 1-1 2-2 2H7c-1 0-2-1-2-2V6"
          />
          <path
            d="M8 6V4c0-1 1-2 2-2h4c1 0 2 1 2 2v2"
          />
          <line
            x1="10"
            x2="10"
            y1="11"
            y2="17"
          />
          <line
            x1="14"
            x2="14"
            y1="11"
            y2="17"
          />
        </svg>
        Delete Prompt
      </button>
    </div>
    <div />
  </form>
</div>
`;
