// Jest Snapshot v1, https://goo.gl/fbAQLP

exports[`Error Message renders error message unchanged 1`] = `
<div>
  <div
    class="relative w-full rounded-lg border p-4 [&>svg~*]:pl-7 [&>svg+div]:translate-y-[-3px] [&>svg]:absolute [&>svg]:left-4 [&>svg]:top-4 [&>svg]:text-foreground text-foreground bg-rose-500"
    role="alert"
  >
    <svg
      class="lucide lucide-terminal h-4 w-4"
      fill="none"
      height="24"
      stroke="currentColor"
      stroke-linecap="round"
      stroke-linejoin="round"
      stroke-width="2"
      viewBox="0 0 24 24"
      width="24"
      xmlns="http://www.w3.org/2000/svg"
    >
      <polyline
        points="4 17 10 11 4 5"
      />
      <line
        x1="12"
        x2="20"
        y1="19"
        y2="19"
      />
    </svg>
    <h5
      class="mb-1 font-medium leading-none tracking-tight"
    >
      Heads up! 
    </h5>
    <div
      class="text-sm [&_p]:leading-relaxed"
    >
      error
    </div>
  </div>
</div>
`;
