// Jest Snapshot v1, https://goo.gl/fbAQLP

exports[`Confirm Signup Form renders confirm signup form unchanged 1`] = `
<div>
  <div
    class="flex flex-col gap-6"
  >
    <div
      class="rounded-lg border bg-neutral-800 text-card-foreground shadow-sm"
    >
      <div
        class="flex flex-col space-y-1.5 p-6"
      >
        <div
          class="font-semibold tracking-tight text-2xl flex items-center"
        >
          <svg
            class="lucide lucide-mail mr-2"
            fill="none"
            height="24"
            stroke="currentColor"
            stroke-linecap="round"
            stroke-linejoin="round"
            stroke-width="2"
            viewBox="0 0 24 24"
            width="24"
            xmlns="http://www.w3.org/2000/svg"
          >
            <rect
              height="16"
              rx="2"
              width="20"
              x="2"
              y="4"
            />
            <path
              d="m22 7-8.97 5.7a1.94 1.94 0 0 1-2.06 0L2 7"
            />
          </svg>
          You've got mail
        </div>
        <div
          class="text-sm text-muted-foreground"
        >
          Your confirmation code is on the way. Enter the code we emailed you to confirm your account creation. It may take a minute to arrive.
        </div>
      </div>
      <div
        class="p-6 pt-0"
      >
        <form
          action="javascript:throw new Error('A React form was unexpectedly submitted. If you called form.submit() manually, consider using form.requestSubmit() instead. If you\\'re trying to use event.stopPropagation() in a submit event handler, consider also calling event.preventDefault().')"
        >
          <div
            class="flex flex-col gap-6"
          >
            <div
              class="grid gap-2"
            >
              <div
                class="flex items-center"
              >
                <label
                  class="text-sm font-medium leading-none peer-disabled:cursor-not-allowed peer-disabled:opacity-70"
                  for="code"
                >
                  Confirmation Code
                </label>
              </div>
              <input
                class="flex h-10 w-full rounded-md border border-input bg-background px-3 py-2 text-base ring-offset-background file:border-0 file:bg-transparent file:text-sm file:font-medium file:text-foreground placeholder:text-muted-foreground focus-visible:outline-none focus-visible:ring-2 focus-visible:ring-ring focus-visible:ring-offset-2 disabled:cursor-not-allowed disabled:opacity-50 md:text-sm"
                id="code"
                maxlength="6"
                name="code"
                placeholder="123456"
                required=""
                type="text"
              />
            </div>
            <button
              class="inline-flex items-center justify-center gap-2 whitespace-nowrap rounded-md text-sm font-medium transition-colors focus-visible:outline-none focus-visible:ring-1 focus-visible:ring-ring disabled:pointer-events-none disabled:opacity-50 [&_svg]:pointer-events-none [&_svg]:size-4 [&_svg]:shrink-0 bg-primary text-primary-foreground shadow hover:bg-primary/90 h-9 px-4 py-2 w-full"
              type="submit"
            >
              Confirm
            </button>
          </div>
        </form>
      </div>
    </div>
  </div>
</div>
`;
