// Jest Snapshot v1, https://goo.gl/fbAQLP

exports[`Login  Form renders login  form unchanged 1`] = `
<div>
  <div
    class="flex flex-col gap-6"
  >
    <div
      class="rounded-lg border bg-card text-card-foreground shadow-sm"
    >
      <div
        class="flex flex-col space-y-1.5 p-6"
      >
        <div
          class="font-semibold tracking-tight text-2xl"
        >
          Login
        </div>
        <div
          class="text-sm text-muted-foreground"
        >
          Enter your email below to login to your account or login with your Google account.
        </div>
      </div>
      <div
        class="p-6 pt-0"
      >
        <form
          action="javascript:throw new Error('A React form was unexpectedly submitted. If you called form.submit() manually, consider using form.requestSubmit() instead. If you\\'re trying to use event.stopPropagation() in a submit event handler, consider also calling event.preventDefault().')"
        >
          <div
            class="flex flex-col gap-6"
          >
            <div
              class="grid gap-2"
            >
              <label
                class="text-sm font-medium leading-none peer-disabled:cursor-not-allowed peer-disabled:opacity-70"
                for="email"
              >
                Email
              </label>
              <input
                class="flex h-10 w-full rounded-md border border-input bg-background px-3 py-2 text-base ring-offset-background file:border-0 file:bg-transparent file:text-sm file:font-medium file:text-foreground placeholder:text-muted-foreground focus-visible:outline-none focus-visible:ring-2 focus-visible:ring-ring focus-visible:ring-offset-2 disabled:cursor-not-allowed disabled:opacity-50 md:text-sm"
                id="email"
                name="email"
                placeholder="m@example.com"
                required=""
                type="email"
                value=""
              />
            </div>
            <div
              class="grid gap-2"
            >
              <div
                class="flex items-center"
              >
                <label
                  class="text-sm font-medium leading-none peer-disabled:cursor-not-allowed peer-disabled:opacity-70"
                  for="password"
                >
                  Password
                </label>
                <a
                  class="ml-auto inline-block text-sm underline-offset-4 hover:underline"
                  href="#"
                >
                  Forgot your password?
                </a>
              </div>
              <input
                class="flex h-10 w-full rounded-md border border-input bg-background px-3 py-2 text-base ring-offset-background file:border-0 file:bg-transparent file:text-sm file:font-medium file:text-foreground placeholder:text-muted-foreground focus-visible:outline-none focus-visible:ring-2 focus-visible:ring-ring focus-visible:ring-offset-2 disabled:cursor-not-allowed disabled:opacity-50 md:text-sm"
                id="password"
                name="password"
                required=""
                type="password"
              />
            </div>
            <button
              class="inline-flex items-center justify-center gap-2 whitespace-nowrap rounded-md text-sm font-medium ring-offset-background transition-colors focus-visible:outline-none focus-visible:ring-2 focus-visible:ring-ring focus-visible:ring-offset-2 disabled:pointer-events-none disabled:opacity-50 [&_svg]:pointer-events-none [&_svg]:size-4 [&_svg]:shrink-0 bg-primary text-primary-foreground hover:bg-primary/90 h-10 px-4 py-2 w-full"
              type="submit"
            >
              Login
            </button>
            <hr />
            <button
              class="inline-flex items-center justify-center gap-2 whitespace-nowrap rounded-md text-sm font-medium ring-offset-background transition-colors focus-visible:outline-none focus-visible:ring-2 focus-visible:ring-ring focus-visible:ring-offset-2 disabled:pointer-events-none disabled:opacity-50 [&_svg]:pointer-events-none [&_svg]:size-4 [&_svg]:shrink-0 border border-input bg-background hover:bg-accent hover:text-accent-foreground h-10 px-4 py-2 w-full"
            >
              Login with Google
            </button>
          </div>
          <div
            class="mt-4 text-center text-sm"
          >
            Don't have an account?
             
            <a
              class="underline underline-offset-4"
              href="/signup"
            >
              Create an account
            </a>
          </div>
        </form>
      </div>
    </div>
  </div>
</div>
`;
