// Jest Snapshot v1, https://goo.gl/fbAQLP

exports[`Signup Form renders signup form unchanged 1`] = `
<div>
  <div
    class="flex flex-col gap-6"
  >
    <div
      class="rounded-lg border bg-neutral-800 text-card-foreground shadow-sm"
    >
      <div
        class="flex flex-col space-y-1.5 p-6"
      >
        <div
          class="font-semibold tracking-tight text-2xl"
        >
          Create Your Account
        </div>
        <div
          class="text-sm text-muted-foreground"
        >
          Enter your email, and preferred username below to create a new account for Promptz.
        </div>
      </div>
      <div
        class="p-6 pt-0"
      >
        <form
          action="javascript:throw new Error('A React form was unexpectedly submitted. If you called form.submit() manually, consider using form.requestSubmit() instead. If you\\'re trying to use event.stopPropagation() in a submit event handler, consider also calling event.preventDefault().')"
          class="space-y-3"
        >
          <div
            class="flex flex-col gap-6"
          >
            <div
              class="grid gap-2"
            >
              <label
                class="text-sm font-medium leading-none peer-disabled:cursor-not-allowed peer-disabled:opacity-70"
                for="email"
              >
                Email
              </label>
              <input
                class="flex h-10 w-full rounded-md border border-input bg-background px-3 py-2 text-base ring-offset-background file:border-0 file:bg-transparent file:text-sm file:font-medium file:text-foreground placeholder:text-muted-foreground focus-visible:outline-none focus-visible:ring-2 focus-visible:ring-ring focus-visible:ring-offset-2 disabled:cursor-not-allowed disabled:opacity-50 md:text-sm"
                id="email"
                name="email"
                placeholder="m@example.com"
                required=""
                type="email"
                value=""
              />
            </div>
            <div
              class="grid gap-2"
            >
              <div
                class="flex items-center"
              >
                <label
                  class="text-sm font-medium leading-none peer-disabled:cursor-not-allowed peer-disabled:opacity-70"
                  for="username"
                >
                  Username
                </label>
              </div>
              <input
                class="flex h-10 w-full rounded-md border border-input bg-background px-3 py-2 text-base ring-offset-background file:border-0 file:bg-transparent file:text-sm file:font-medium file:text-foreground placeholder:text-muted-foreground focus-visible:outline-none focus-visible:ring-2 focus-visible:ring-ring focus-visible:ring-offset-2 disabled:cursor-not-allowed disabled:opacity-50 md:text-sm"
                id="username"
                name="username"
                required=""
                type="text"
              />
            </div>
            <button
              class="inline-flex items-center justify-center gap-2 whitespace-nowrap rounded-md text-sm font-medium transition-colors focus-visible:outline-none focus-visible:ring-1 focus-visible:ring-ring disabled:pointer-events-none disabled:opacity-50 [&_svg]:pointer-events-none [&_svg]:size-4 [&_svg]:shrink-0 bg-primary text-primary-foreground shadow hover:bg-primary/90 h-9 px-4 py-2 w-full"
              type="submit"
            >
              Create Account
            </button>
          </div>
          <div
            class="mt-4 text-center text-sm"
          >
            Already have an account?
             
            <a
              class="underline underline-offset-4"
              href="/login"
            >
              Log In
            </a>
          </div>
        </form>
      </div>
    </div>
  </div>
</div>
`;
