// Jest Snapshot v1, https://goo.gl/fbAQLP

exports[`Mobile Menu Navigation  renders mobile menu unchanged 1`] = `
<div>
  <div
    class="md:hidden"
  >
    <button
      class="gap-2 whitespace-nowrap rounded-md text-sm font-medium transition-colors focus-visible:outline-none focus-visible:ring-1 focus-visible:ring-ring disabled:pointer-events-none disabled:opacity-50 [&_svg]:pointer-events-none [&_svg]:size-4 [&_svg]:shrink-0 hover:bg-accent hover:text-accent-foreground h-9 w-9 inline-flex items-center justify-center"
      data-testid="menu-button"
    >
      <svg
        class="lucide lucide-menu h-6 w-6"
        data-testid="menu-button-burger"
        fill="none"
        height="24"
        stroke="currentColor"
        stroke-linecap="round"
        stroke-linejoin="round"
        stroke-width="2"
        viewBox="0 0 24 24"
        width="24"
        xmlns="http://www.w3.org/2000/svg"
      >
        <line
          x1="4"
          x2="20"
          y1="12"
          y2="12"
        />
        <line
          x1="4"
          x2="20"
          y1="6"
          y2="6"
        />
        <line
          x1="4"
          x2="20"
          y1="18"
          y2="18"
        />
      </svg>
    </button>
  </div>
</div>
`;
